// Jest Snapshot v1, https://goo.gl/fbAQLP

exports[`Register should match snapshot 1`] = `
ShallowWrapper {
  "length": 1,
  Symbol(enzyme.__root__): [Circular],
  Symbol(enzyme.__unrendered__): <Register />,
  Symbol(enzyme.__renderer__): Object {
    "batchedUpdates": [Function],
    "getNode": [Function],
    "render": [Function],
    "simulateEvent": [Function],
    "unmount": [Function],
  },
  Symbol(enzyme.__node__): Object {
    "instance": null,
    "key": undefined,
    "nodeType": "host",
    "props": Object {
      "children": <form
        onSubmit={[Function]}
      >
        <h3
          className="acct-create"
        />
        <input
          className="name"
          name="email"
          onChange={[Function]}
          placeholder="Your Name"
          type="text"
        />
        <input
          className="email"
          name="email"
          onChange={[Function]}
          placeholder="email address"
          type="text"
        />
        <input
          className="password"
          name="password"
          onChange={[Function]}
          placeholder="password"
          type="password"
        />
        <button
          className="submit-button"
          type="submit"
        >
          Register
        </button>
        <h3
          className="login-error"
        />
        <Link
          replace={false}
          to="/login"
        >
          Login
        </Link>
      </form>,
      "className": "log-in-form",
    },
    "ref": null,
    "rendered": Object {
      "instance": null,
      "key": undefined,
      "nodeType": "host",
      "props": Object {
        "children": Array [
          <h3
            className="acct-create"
          />,
          <input
            className="name"
            name="email"
            onChange={[Function]}
            placeholder="Your Name"
            type="text"
          />,
          <input
            className="email"
            name="email"
            onChange={[Function]}
            placeholder="email address"
            type="text"
          />,
          <input
            className="password"
            name="password"
            onChange={[Function]}
            placeholder="password"
            type="password"
          />,
          <button
            className="submit-button"
            type="submit"
          >
            Register
          </button>,
          <h3
            className="login-error"
          />,
          <Link
            replace={false}
            to="/login"
          >
            Login
          </Link>,
        ],
        "onSubmit": [Function],
      },
      "ref": null,
      "rendered": Array [
        Object {
          "instance": null,
          "key": undefined,
          "nodeType": "host",
          "props": Object {
            "children": undefined,
            "className": "acct-create",
          },
          "ref": null,
          "rendered": null,
          "type": "h3",
        },
        Object {
          "instance": null,
          "key": undefined,
          "nodeType": "host",
          "props": Object {
            "className": "name",
            "name": "email",
            "onChange": [Function],
            "placeholder": "Your Name",
            "type": "text",
          },
          "ref": null,
          "rendered": null,
          "type": "input",
        },
        Object {
          "instance": null,
          "key": undefined,
          "nodeType": "host",
          "props": Object {
            "className": "email",
            "name": "email",
            "onChange": [Function],
            "placeholder": "email address",
            "type": "text",
          },
          "ref": null,
          "rendered": null,
          "type": "input",
        },
        Object {
          "instance": null,
          "key": undefined,
          "nodeType": "host",
          "props": Object {
            "className": "password",
            "name": "password",
            "onChange": [Function],
            "placeholder": "password",
            "type": "password",
          },
          "ref": null,
          "rendered": null,
          "type": "input",
        },
        Object {
          "instance": null,
          "key": undefined,
          "nodeType": "host",
          "props": Object {
            "children": "Register",
            "className": "submit-button",
            "type": "submit",
          },
          "ref": null,
          "rendered": "Register",
          "type": "button",
        },
        Object {
          "instance": null,
          "key": undefined,
          "nodeType": "host",
          "props": Object {
            "children": null,
            "className": "login-error",
          },
          "ref": null,
          "rendered": null,
          "type": "h3",
        },
        Object {
          "instance": null,
          "key": undefined,
          "nodeType": "class",
          "props": Object {
            "children": "Login",
            "replace": false,
            "to": "/login",
          },
          "ref": null,
          "rendered": "Login",
          "type": [Function],
        },
      ],
      "type": "form",
    },
    "type": "div",
  },
  Symbol(enzyme.__nodes__): Array [
    Object {
      "instance": null,
      "key": undefined,
      "nodeType": "host",
      "props": Object {
        "children": <form
          onSubmit={[Function]}
        >
          <h3
            className="acct-create"
          />
          <input
            className="name"
            name="email"
            onChange={[Function]}
            placeholder="Your Name"
            type="text"
          />
          <input
            className="email"
            name="email"
            onChange={[Function]}
            placeholder="email address"
            type="text"
          />
          <input
            className="password"
            name="password"
            onChange={[Function]}
            placeholder="password"
            type="password"
          />
          <button
            className="submit-button"
            type="submit"
          >
            Register
          </button>
          <h3
            className="login-error"
          />
          <Link
            replace={false}
            to="/login"
          >
            Login
          </Link>
        </form>,
        "className": "log-in-form",
      },
      "ref": null,
      "rendered": Object {
        "instance": null,
        "key": undefined,
        "nodeType": "host",
        "props": Object {
          "children": Array [
            <h3
              className="acct-create"
            />,
            <input
              className="name"
              name="email"
              onChange={[Function]}
              placeholder="Your Name"
              type="text"
            />,
            <input
              className="email"
              name="email"
              onChange={[Function]}
              placeholder="email address"
              type="text"
            />,
            <input
              className="password"
              name="password"
              onChange={[Function]}
              placeholder="password"
              type="password"
            />,
            <button
              className="submit-button"
              type="submit"
            >
              Register
            </button>,
            <h3
              className="login-error"
            />,
            <Link
              replace={false}
              to="/login"
            >
              Login
            </Link>,
          ],
          "onSubmit": [Function],
        },
        "ref": null,
        "rendered": Array [
          Object {
            "instance": null,
            "key": undefined,
            "nodeType": "host",
            "props": Object {
              "children": undefined,
              "className": "acct-create",
            },
            "ref": null,
            "rendered": null,
            "type": "h3",
          },
          Object {
            "instance": null,
            "key": undefined,
            "nodeType": "host",
            "props": Object {
              "className": "name",
              "name": "email",
              "onChange": [Function],
              "placeholder": "Your Name",
              "type": "text",
            },
            "ref": null,
            "rendered": null,
            "type": "input",
          },
          Object {
            "instance": null,
            "key": undefined,
            "nodeType": "host",
            "props": Object {
              "className": "email",
              "name": "email",
              "onChange": [Function],
              "placeholder": "email address",
              "type": "text",
            },
            "ref": null,
            "rendered": null,
            "type": "input",
          },
          Object {
            "instance": null,
            "key": undefined,
            "nodeType": "host",
            "props": Object {
              "className": "password",
              "name": "password",
              "onChange": [Function],
              "placeholder": "password",
              "type": "password",
            },
            "ref": null,
            "rendered": null,
            "type": "input",
          },
          Object {
            "instance": null,
            "key": undefined,
            "nodeType": "host",
            "props": Object {
              "children": "Register",
              "className": "submit-button",
              "type": "submit",
            },
            "ref": null,
            "rendered": "Register",
            "type": "button",
          },
          Object {
            "instance": null,
            "key": undefined,
            "nodeType": "host",
            "props": Object {
              "children": null,
              "className": "login-error",
            },
            "ref": null,
            "rendered": null,
            "type": "h3",
          },
          Object {
            "instance": null,
            "key": undefined,
            "nodeType": "class",
            "props": Object {
              "children": "Login",
              "replace": false,
              "to": "/login",
            },
            "ref": null,
            "rendered": "Login",
            "type": [Function],
          },
        ],
        "type": "form",
      },
      "type": "div",
    },
  ],
  Symbol(enzyme.__options__): Object {
    "adapter": ReactSixteenAdapter {
      "options": Object {
        "enableComponentDidUpdateOnSetState": true,
      },
    },
  },
}
`;
